187.19.242.115 - - [26/Feb/2025:03:33:07 +0000] "GET /purple-tree.com/perfil.php HTTP/1.1" 404 514 "-" "Mozilla/5.0 (Windows NT 10.0; Win64; x64) AppleWebKit/537.36 (KHTML, like Gecko) Chrome/131.0.0.0 Safari/537.36 OPR/116.0.0.0"
187.19.242.115 - - [26/Feb/2025:03:33:11 +0000] "GET /purple-tree.com.br/perfil.php HTTP/1.1" 404 514 "-" "Mozilla/5.0 (Windows NT 10.0; Win64; x64) AppleWebKit/537.36 (KHTML, like Gecko) Chrome/131.0.0.0 Safari/537.36 OPR/116.0.0.0"
187.19.242.115 - - [26/Feb/2025:03:33:18 +0000] "GET /perfil.php HTTP/1.1" 302 1049 "-" "Mozilla/5.0 (Windows NT 10.0; Win64; x64) AppleWebKit/537.36 (KHTML, like Gecko) Chrome/131.0.0.0 Safari/537.36 OPR/116.0.0.0"
187.19.242.115 - - [26/Feb/2025:03:33:19 +0000] "GET /login.php HTTP/1.1" 200 793 "-" "Mozilla/5.0 (Windows NT 10.0; Win64; x64) AppleWebKit/537.36 (KHTML, like Gecko) Chrome/131.0.0.0 Safari/537.36 OPR/116.0.0.0"
187.19.242.115 - - [26/Feb/2025:03:33:19 +0000] "GET /media/voltar.png HTTP/1.1" 200 575 "http://ics-purpletreeweb.freedynamicdns.net/login.php" "Mozilla/5.0 (Windows NT 10.0; Win64; x64) AppleWebKit/537.36 (KHTML, like Gecko) Chrome/131.0.0.0 Safari/537.36 OPR/116.0.0.0"
187.19.156.26 - - [26/Feb/2025:03:33:40 +0000] "GET / HTTP/1.1" 200 1005 "-" "Mozilla/5.0 (Windows NT 10.0; Win64; x64) AppleWebKit/537.36 (KHTML, like Gecko) Chrome/133.0.0.0 Safari/537.36 Edg/133.0.0.0"
187.19.156.26 - - [26/Feb/2025:03:33:41 +0000] "GET /back/load-tab.php?tab=for-you HTTP/1.1" 200 1093 "http://ics-purpletreeweb.freedynamicdns.net/" "Mozilla/5.0 (Windows NT 10.0; Win64; x64) AppleWebKit/537.36 (KHTML, like Gecko) Chrome/133.0.0.0 Safari/537.36 Edg/133.0.0.0"
187.19.156.26 - - [26/Feb/2025:03:33:57 +0000] "GET /perfil.php HTTP/1.1" 200 1563 "http://ics-purpletreeweb.freedynamicdns.net/" "Mozilla/5.0 (Windows NT 10.0; Win64; x64) AppleWebKit/537.36 (KHTML, like Gecko) Chrome/133.0.0.0 Safari/537.36 Edg/133.0.0.0"
187.19.242.115 - - [26/Feb/2025:03:34:10 +0000] "-" 408 0 "-" "-"
187.19.156.26 - - [26/Feb/2025:03:34:13 +0000] "GET /back/logout.php HTTP/1.1" 302 339 "http://ics-purpletreeweb.freedynamicdns.net/perfil.php" "Mozilla/5.0 (Windows NT 10.0; Win64; x64) AppleWebKit/537.36 (KHTML, like Gecko) Chrome/133.0.0.0 Safari/537.36 Edg/133.0.0.0"
187.19.156.26 - - [26/Feb/2025:03:34:13 +0000] "GET /feed.php HTTP/1.1" 404 514 "http://ics-purpletreeweb.freedynamicdns.net/perfil.php" "Mozilla/5.0 (Windows NT 10.0; Win64; x64) AppleWebKit/537.36 (KHTML, like Gecko) Chrome/133.0.0.0 Safari/537.36 Edg/133.0.0.0"
187.19.242.115 - - [26/Feb/2025:03:34:13 +0000] "GET /index.php HTTP/1.1" 200 1256 "http://ics-purpletreeweb.freedynamicdns.net/login.php" "Mozilla/5.0 (Windows NT 10.0; Win64; x64) AppleWebKit/537.36 (KHTML, like Gecko) Chrome/131.0.0.0 Safari/537.36 OPR/116.0.0.0"
187.19.242.115 - - [26/Feb/2025:03:34:19 +0000] "GET /index.php HTTP/1.1" 200 1255 "http://ics-purpletreeweb.freedynamicdns.net/login.php" "Mozilla/5.0 (Windows NT 10.0; Win64; x64) AppleWebKit/537.36 (KHTML, like Gecko) Chrome/131.0.0.0 Safari/537.36 OPR/116.0.0.0"
187.19.242.115 - - [26/Feb/2025:03:34:23 +0000] "GET /index.php HTTP/1.1" 200 1255 "http://ics-purpletreeweb.freedynamicdns.net/index.php" "Mozilla/5.0 (Windows NT 10.0; Win64; x64) AppleWebKit/537.36 (KHTML, like Gecko) Chrome/131.0.0.0 Safari/537.36 OPR/116.0.0.0"
187.19.242.115 - - [26/Feb/2025:03:34:27 +0000] "GET /postar.php HTTP/1.1" 302 2186 "http://ics-purpletreeweb.freedynamicdns.net/index.php" "Mozilla/5.0 (Windows NT 10.0; Win64; x64) AppleWebKit/537.36 (KHTML, like Gecko) Chrome/131.0.0.0 Safari/537.36 OPR/116.0.0.0"
187.19.242.115 - - [26/Feb/2025:03:34:27 +0000] "GET /login.php HTTP/1.1" 200 793 "http://ics-purpletreeweb.freedynamicdns.net/index.php" "Mozilla/5.0 (Windows NT 10.0; Win64; x64) AppleWebKit/537.36 (KHTML, like Gecko) Chrome/131.0.0.0 Safari/537.36 OPR/116.0.0.0"
187.19.242.115 - - [26/Feb/2025:03:34:30 +0000] "GET /index.php HTTP/1.1" 200 1255 "http://ics-purpletreeweb.freedynamicdns.net/login.php" "Mozilla/5.0 (Windows NT 10.0; Win64; x64) AppleWebKit/537.36 (KHTML, like Gecko) Chrome/131.0.0.0 Safari/537.36 OPR/116.0.0.0"
187.19.242.115 - - [26/Feb/2025:03:34:32 +0000] "GET /login.php HTTP/1.1" 200 793 "http://ics-purpletreeweb.freedynamicdns.net/index.php" "Mozilla/5.0 (Windows NT 10.0; Win64; x64) AppleWebKit/537.36 (KHTML, like Gecko) Chrome/131.0.0.0 Safari/537.36 OPR/116.0.0.0"
187.19.156.26 - - [26/Feb/2025:03:34:33 +0000] "GET /login.php HTTP/1.1" 200 794 "-" "Mozilla/5.0 (Windows NT 10.0; Win64; x64) AppleWebKit/537.36 (KHTML, like Gecko) Chrome/133.0.0.0 Safari/537.36 Edg/133.0.0.0"
187.19.242.115 - - [26/Feb/2025:03:34:34 +0000] "GET /index.php HTTP/1.1" 200 1255 "http://ics-purpletreeweb.freedynamicdns.net/login.php" "Mozilla/5.0 (Windows NT 10.0; Win64; x64) AppleWebKit/537.36 (KHTML, like Gecko) Chrome/131.0.0.0 Safari/537.36 OPR/116.0.0.0"
187.19.156.26 - - [26/Feb/2025:03:34:35 +0000] "GET /index.php HTTP/1.1" 200 1255 "http://ics-purpletreeweb.freedynamicdns.net/login.php" "Mozilla/5.0 (Windows NT 10.0; Win64; x64) AppleWebKit/537.36 (KHTML, like Gecko) Chrome/133.0.0.0 Safari/537.36 Edg/133.0.0.0"
187.19.156.26 - - [26/Feb/2025:03:34:36 +0000] "GET /index.php HTTP/1.1" 200 1256 "http://ics-purpletreeweb.freedynamicdns.net/login.php" "Mozilla/5.0 (Windows NT 10.0; Win64; x64) AppleWebKit/537.36 (KHTML, like Gecko) Chrome/133.0.0.0 Safari/537.36 Edg/133.0.0.0"
187.19.156.26 - - [26/Feb/2025:03:34:40 +0000] "GET /login.php HTTP/1.1" 200 793 "http://ics-purpletreeweb.freedynamicdns.net/index.php" "Mozilla/5.0 (Windows NT 10.0; Win64; x64) AppleWebKit/537.36 (KHTML, like Gecko) Chrome/133.0.0.0 Safari/537.36 Edg/133.0.0.0"
187.19.156.26 - - [26/Feb/2025:03:34:41 +0000] "GET /index.php HTTP/1.1" 200 1255 "http://ics-purpletreeweb.freedynamicdns.net/login.php" "Mozilla/5.0 (Windows NT 10.0; Win64; x64) AppleWebKit/537.36 (KHTML, like Gecko) Chrome/133.0.0.0 Safari/537.36 Edg/133.0.0.0"
187.19.242.115 - - [26/Feb/2025:03:35:05 +0000] "-" 408 0 "-" "-"
187.19.242.115 - - [26/Feb/2025:03:35:14 +0000] "GET /purple-tree/post/post.php?id=2 HTTP/1.1" 404 515 "-" "Mozilla/5.0 (Windows NT 10.0; Win64; x64) AppleWebKit/537.36 (KHTML, like Gecko) Chrome/131.0.0.0 Safari/537.36 OPR/116.0.0.0"
187.19.156.26 - - [26/Feb/2025:03:35:28 +0000] "-" 408 0 "-" "-"
187.19.156.26 - - [26/Feb/2025:03:35:36 +0000] "GET /index.php HTTP/1.1" 200 1256 "http://ics-purpletreeweb.freedynamicdns.net/index.php" "Mozilla/5.0 (Windows NT 10.0; Win64; x64) AppleWebKit/537.36 (KHTML, like Gecko) Chrome/133.0.0.0 Safari/537.36 Edg/133.0.0.0"
187.19.156.26 - - [26/Feb/2025:03:35:39 +0000] "GET /login.php HTTP/1.1" 200 793 "http://ics-purpletreeweb.freedynamicdns.net/index.php" "Mozilla/5.0 (Windows NT 10.0; Win64; x64) AppleWebKit/537.36 (KHTML, like Gecko) Chrome/133.0.0.0 Safari/537.36 Edg/133.0.0.0"
187.19.156.26 - - [26/Feb/2025:03:35:41 +0000] "GET /index.php HTTP/1.1" 200 1255 "http://ics-purpletreeweb.freedynamicdns.net/login.php" "Mozilla/5.0 (Windows NT 10.0; Win64; x64) AppleWebKit/537.36 (KHTML, like Gecko) Chrome/133.0.0.0 Safari/537.36 Edg/133.0.0.0"
187.19.156.26 - - [26/Feb/2025:03:35:50 +0000] "GET /purple-tree.backend/ HTTP/1.1" 404 515 "-" "Mozilla/5.0 (Windows NT 10.0; Win64; x64) AppleWebKit/537.36 (KHTML, like Gecko) Chrome/133.0.0.0 Safari/537.36 Edg/133.0.0.0"
187.19.242.115 - - [26/Feb/2025:03:36:05 +0000] "-" 408 0 "-" "-"
187.19.156.26 - - [26/Feb/2025:03:36:06 +0000] "GET /index.php HTTP/1.1" 200 1256 "http://ics-purpletreeweb.freedynamicdns.net/login.php" "Mozilla/5.0 (Windows NT 10.0; Win64; x64) AppleWebKit/537.36 (KHTML, like Gecko) Chrome/133.0.0.0 Safari/537.36 Edg/133.0.0.0"
187.19.156.26 - - [26/Feb/2025:03:36:08 +0000] "GET /index.php HTTP/1.1" 200 1256 "http://ics-purpletreeweb.freedynamicdns.net/index.php" "Mozilla/5.0 (Windows NT 10.0; Win64; x64) AppleWebKit/537.36 (KHTML, like Gecko) Chrome/133.0.0.0 Safari/537.36 Edg/133.0.0.0"
187.19.156.26 - - [26/Feb/2025:03:37:00 +0000] "-" 408 0 "-" "-"
187.19.156.26 - - [26/Feb/2025:03:37:39 +0000] "GET /index.php HTTP/1.1" 200 1256 "http://ics-purpletreeweb.freedynamicdns.net/index.php" "Mozilla/5.0 (Windows NT 10.0; Win64; x64) AppleWebKit/537.36 (KHTML, like Gecko) Chrome/133.0.0.0 Safari/537.36 Edg/133.0.0.0"
187.19.156.26 - - [26/Feb/2025:03:37:41 +0000] "GET /index.php HTTP/1.1" 200 1255 "http://ics-purpletreeweb.freedynamicdns.net/index.php" "Mozilla/5.0 (Windows NT 10.0; Win64; x64) AppleWebKit/537.36 (KHTML, like Gecko) Chrome/133.0.0.0 Safari/537.36 Edg/133.0.0.0"
187.19.156.26 - - [26/Feb/2025:03:37:45 +0000] "GET / HTTP/1.1" 200 1255 "-" "Mozilla/5.0 (Windows NT 10.0; Win64; x64) AppleWebKit/537.36 (KHTML, like Gecko) Chrome/133.0.0.0 Safari/537.36 Edg/133.0.0.0"
187.19.156.26 - - [26/Feb/2025:03:37:56 +0000] "GET / HTTP/1.1" 200 1256 "-" "Mozilla/5.0 (Windows NT 10.0; Win64; x64) AppleWebKit/537.36 (KHTML, like Gecko) Chrome/133.0.0.0 Safari/537.36 Edg/133.0.0.0"
187.19.156.26 - - [26/Feb/2025:03:37:57 +0000] "GET /index.php HTTP/1.1" 200 1256 "http://ics-purpletreeweb.freedynamicdns.net/index.php" "Mozilla/5.0 (Windows NT 10.0; Win64; x64) AppleWebKit/537.36 (KHTML, like Gecko) Chrome/133.0.0.0 Safari/537.36 Edg/133.0.0.0"
